
> frontend@0.0.0 build /home/amit/Downloads/LoadSense/frontend
> tsc -b && vite build

vite v7.3.1 building client environment for production...
transforming...
✓ 3244 modules transformed.
rendering chunks...
computing gzip size...
dist/index.html                                      0.46 kB │ gzip:   0.29 kB
dist/assets/childenjooying-Photoroom-DYM49p1r.png  431.56 kB
dist/assets/STUDENT1-Photoroom-ya7TXNuW.png        661.96 kB
dist/assets/index-7BRb4B5R.css                      83.77 kB │ gzip:  13.60 kB
dist/assets/index-DUFmIiLI.js                      696.78 kB │ gzip: 208.83 kB
✓ built in 3.17s
